[2026-07-03] - Rendszerállapot: A 8. fázis (Ultra-prémium funkciók) sikeresen lezárva. Készen áll a Vercel deploymentre.
[2026-07-03] - Rendszerállapot: Lighthouse A11y/Performance javítások, 404 route javítások, CarCard redesign és globális videó háttér aktiválva.
[2026-07-03] - Rendszerállapot: 9. fázis lezárva - prémium tipográfia, glassmorphism finomhangolás, A11y optimalizálás és fokozott videó láthatóság aktív.
[2026-07-06] - Rendszerállapot: Garanciális tartalom (Real Garant) törölve, oldal frissítve.
[2026-07-06] - Rendszerállapot: Garancia aloldal törölve, navigáció tisztítva.
[2026-07-08] - Rendszerállapot: Teljesítmény és vizuális overhaul befejezve.
[2026-07-13] - Rendszerállapot: Valódi gépjárműpark élesítve a weboldalon.
[2026-07-13] - Rendszerállapot: 12. Fázis: Audi HEIC képek konvertálása WebP-be és árszűrő dinamizálása a valós gépparkhoz.
[2026-07-13] - Rendszerállapot: Globális kapcsolati email cím frissítve a carssr99@gmail.com címre.
[2026-07-13] - Rendszerállapot: Audi kezdőképe az IMG_0782.webp fájlra módosítva a kiemelt megjelenésért.
[2026-07-14] - Rendszerállapot: 13. Fázis: Premium Automotive Aesthetics overhaul (Electric Blue színpaletta, gyémánt-vágott üveg kártyák és szűrő konténer, ciklikus shimmer fénycsík gombanimációk, finomított tipográfia letter-spacinggel).
[2026-07-15] - Rendszerállapot: 14. Fázis: Teljes és végleges gépjárműpark-élesítés valós képekkel, árakkal és professzionálisan javított leírásokkal.
[2026-07-15] - Rendszerállapot: Route 66 garázsháttér (hatter1.webp) integrálva a Kapcsolat és Autóbeszámítás oldalak háttereként.
[2026-07-15] - Rendszerállapot: Szerviz garancia eltávolítva, hivatalos Facebook link hozzáadva a lábléchez, és az AI Chat tudásbázisa felvértezve a valós gépjárműpark adataival.
[2026-07-15] - Rendszerállapot: Mobilnézet kép-reszponzivitási hibák javítva, a galériák és borítóképek tökéletesen illeszkednek a mobil kijelzőkhöz.
[2026-07-15] - Rendszerállapot: Főoldali és layout szintű elavult márkaszövegek aktualizálva az univerzális prémium leírásra, font-light tracking-wide formázással ellátva.
[2026-07-15] - Rendszerállapot: 15. Fázis: Chrome AI audit alapú akadálymentesítési és prémium vizuális javítások (logó, alt szövegek, explicit form-beállítások és tab-index javítások).
[2026-07-15] - Rendszerállapot: 16. Fázis: Háttérvideó és háttérképek láthatóságának javítása az overlay-ek és a fő konténer áttetszőségének finomhangolásával.
[2026-07-16] - Rendszerállapot: Hero szekció egyedi háttérképet kapott (hatter1.webp), az aloldali overlay rétegek átlátszósága finomítva a jobb háttér-láthatóságért.
[2026-07-16] - Rendszerállapot: Hero szekció háttérképe (hatter1.webp) kiterjesztve teljes képernyőszélességre asztali nézetben a tökéletes esztétikumért.
[2026-07-16] - Rendszerállapot: 17. Fázis: Premium Brand Aesthetics overhaul (bg-clip-text címek, belső fénylések, texturált videó overlay és animált scroll indicator).
[2026-07-16] - Rendszerállapot: A szoftveres képjavítás a zaj felerősödése miatt visszavonva, a korábbi, esztétikusabb WebP képek visszaállítva a fehér BMW-hez.
[2026-07-16] - Rendszerállapot: Képek és galériák mobil viewport-hoz való igazítása radikális overflow-védelemmel és aspect-ratio alapú méretezéssel javítva.


[2026-08-16] - Rendszerállapot: Teljes SEO-audit (weboldal + Search Console + Cégprofil + Vercel). Megállapítás: a technikai alapok rendben, az oldal a "autókereskedés zalaegerszeg" kulcsszóra átlagosan 4,4. pozíción áll (111 megjelenés / 11 kattintás). A fő korlát az oldal kora (a GSC-adatok 2026-07-22-től vannak) és a Cégprofil egyetlen kategóriája.
[2026-08-16] - Hibajavítás: components/Breadcrumbs.tsx egy nem létező domainre ("cars-sr99-website.vercel.app") hivatkozott, ezért minden aloldal BreadcrumbList strukturált adata halott URL-eket hirdetett. A siteUrl egyetlen forrásba (utils/site.ts) került, a duplikált definíciók 8 fájlból eltávolítva.
[2026-08-16] - Hibajavítás: az ékezetes képmappa (/geppark/Audi-A4-Avant-2017-kész/) miatt a JSON-LD nyers, kódolatlan képcímeket hirdetett, amelyek élesben 404-et adtak. Bevezetve az absoluteUrl() segédfüggvény (utils/site.ts).
[2026-08-16] - SEO: A jármű adatlapok sémája Product-ról a jármű-specifikus Car típusra váltott (vehicleModelDate, mileageFromOdometer, fuelType, color, vehicleTransmission), az eladó az AutoDealer @id-jére hivatkozik.
[2026-08-16] - SEO: A /kinalat oldal ItemList sémát kapott mind a 12 járművel; a főoldali AutoDealer séma sameAs, areaServed, hasOfferCatalog mezőkkel bővült; új WebSite séma. Az aggregateRating szándékosan kimaradt (a saját magunkról közölt értékelés sérti a Google irányelveit).
[2026-08-16] - SEO: Új components/RelatedCars.tsx – minden adatlap 3 másik adatlapra hivatkozik, megszüntetve a zsákutca-szerkezetet (12 db "Felfedezve – jelenleg nincs indexelve" állapotú oldal).
[2026-08-16] - Biztonság: A public/CARS-SR99-Akcioterv.html belső értékesítési dokumentum nyilvánosan elérhető az éles domainen. Ideiglenes mitigáció: X-Robots-Tag noindex fejléc (next.config.ts). A fájl eltávolítása ügyfél-döntést igényel.
[2026-08-16] - SEO: A régi, gyökér szintű jármű-URL-ek (pl. /skoda-octavia-2022-kezi) 308-as átirányítást kaptak a /kinalat/... címekre, mert a Google indexében még szerepelnek a vercel.app korszakból.
[2026-08-16] - Biztonság/GDPR: 11 forgalmi engedély szkenn, 8 belső adatlap.md (rendszámmal, alvázszámmal, a hirdetettől eltérő árakkal), egy Használtautó.hu admin képernyőkép, összesítő CSV-k és az értékesítési akcióterv nyilvánosan letölthető volt az éles domainről. A weboldal kódja egyikre sem hivatkozott. Mind áthelyezve a public/-ból a docs/jarmu-dokumentumok/ alá. NYITOTT: a fájlok a git-előzményekben maradtak, a publikus tárolóból visszanyerhetők.
[2026-08-16] - Google Cégprofil: felvéve a "Használtautó-kereskedő" kategória (az "Autókölcsönző" már korábban is szerepelt, csak a nyilvános találatban nem látszik, mert ott csak az elsődleges kategória jelenik meg). Az elsődleges kategória szándékosan maradt "Autókereskedés", mert jelenleg az hozza a legtöbb forgalmat (4,4-es átlagpozíció). A "Gumiabroncs-szerviz" kategória a szolgáltatás tényleges indulásáig nem kerül fel.
[2026-08-16] - Google Cégprofil: a nyitvatartás javítva vasárnap–péntek 8:00–17:30 / szombat zárva helyett hétfő–péntek 9:00–17:00 / hétvégén zárva értékre. A profilban a napok elcsúszva szerepeltek; a weboldal (app/layout.tsx séma + Kapcsolat oldal + AI chat) adata volt a helyes, ezért az maradt változatlanul.
[2026-08-22] - Szolgáltatás megszüntetve: az autóbérlés teljesen kivezetve a weboldalról – törölve az /autoberles oldal, a CarRentalTeaser főoldali kiemelő, a menü- és lábléc-linkek, a sitemap bejegyzés, valamint a layout.tsx AutoDealer sémájából és leírásából az "Autóbérlés" szolgáltatás. A már indexelt /autoberles URL 308-cal a /kinalat oldalra irányít (next.config.ts).
[2026-08-22] - Adatjavítás: a BMW X6 hirdetés azonosítója és megnevezése bmw-x6-xdrive40d-2012 / "X6 xDrive40d" → bmw-x6-xdrive30d-2012 / "X6 xDrive30d" (ügyféligény szerint, a leírásban szereplő 3.0 literes motorral összhangban). A képmappa átnevezve, a régi URL 308-cal az újra irányít.
[2026-08-22] - Eladott jármű kivezetve: Toyota Corolla Verso (7 személyes) törölve a data/inventory.ts-ből és a képmappája is törölve; a /kinalat/toyota-corolla-verso-2006 URL mostantól valódi 404-et ad (dynamicParams = false).
[2026-08-22] - Search Console: az /autoberles és az új bmw-x6-xdrive30d-2012 URL indexelése manuálisan kérve (Indexelési kérelem); a toyota-corolla-verso-2006 URL-re ideiglenes eltávolítási kérelem beküldve (~6 hónapra letiltva a Google Keresőben, amíg a soron következő feltérképezés a valódi 404-et is megerősíti). A régi bmw-x6-xdrive40d-2012 URL-t a Google korábban sosem indexelte, arra nem volt szükség kérelmet beküldeni.
[2026-08-22] - SEO: a jármű-adatlapok title/meta description/eyebrow szövege és a galéria összes kép alt-attribútuma kiegészítve a "használt" kulcsszóval (pl. "Eladó használt BMW X6 xDrive30d – Zalaegerszeg"), hogy jobban illeszkedjen a "használt autó Zalaegerszeg" típusú keresésekre. A /kinalat listaoldal ezt már korábban célozta, most az egyedi adatlapok is követik.
[2026-08-22] - Szolgáltatás élesítve: az ügyfél megerősítése alapján a kerékcsere/gumicsere engedélyeztetése lezárult, ezért a "Hamarosan indul" szövegezés élő szolgáltatásra frissült mind a 4 helyen (app/kerekcsere/page.tsx hero badge és szekciócím, components/KerekcsereCTAButtons.tsx gombszöveg, components/TireChangeTeaser.tsx főoldali badge), a meta description és a Service JSON-LD is jelen idejűre váltott.
[2026-08-22] - Search Console: a frissült /kerekcsere tartalom újraindexelése manuálisan kérve (Indexelési kérelem).
[2026-08-22] - Google Cégprofil: felvéve a "Gumiabroncs-szerviz" kategória (a Névjegy > Üzleti kategória szerkesztőn keresztül, a hivatalos Google-kategórialistából választva). Mentés után "FÜGGŐBEN" állapotban, a Google felülvizsgálatára vár (~10 perc). Ezzel lezárva a 2026-08-16-i audit nyitott pontja.
[2026-08-25] - Rendszerállapot: Teljes SEO/GEO audit (kód + Search Console + Cégprofil + Facebook + éles domain, ügyfél kérésére). Kód-oldali SEO-alapok (metaadatok, JSON-LD, sitemap, robots) jó állapotban; strukturált adat riportok 0 hibával (Termékkivonatok 4/4, Kereskedői adatok 4/4, Navigációs útvonalak 5/5, Véleményrészletek 2/2).
[2026-08-25] - Search Console: 10 oldal indexelve, 11 "Felfedezve – jelenleg nincs indexelve" állapotban (jármű-adatlapok többsége + /kapcsolat + /autobeszamitas) – fiatal domainnél (property kora ~2 hét) várható jelenség. Manuális újraindexelés kérve: /kinalat/seat-alhambra-2015, /kinalat/citroen-jumpy-spacetourer-2017, /kinalat/jaguar-f-pace-2017, /kinalat/skoda-octavia-2022-kezi, /autobeszamitas. Teljesítmény 30 nap: 78 kattintás, ~1240 megjelenés, átlagpozíció 5,1; vezető kulcsszó "autókereskedés zalaegerszeg"/"zalaegerszeg autókereskedés". Kerékcsere/gumicsere és márkaspecifikus ("használt BMW zalaegerszeg") kulcsszavakra még nincs mérhető megjelenés.
[2026-08-25] - Kritikus SEO-hiba javítva: a cars-sr99.vercel.app alapértelmezett Vercel-domain önállóan indexelve volt a Google-ben, a saját domainnel versengő duplikált (részben elavult) tartalommal. next.config.ts redirects(): host-alapú 308 átirányítás minden cars-sr99.vercel.app kérésről a www.cars-sr99.com-ra. Megjegyzés: Next.js 16-ban a middleware.ts neve proxy.ts-re változott, de erre végül nem volt szükség – a next.config.ts redirects() `has: {type: "host"}` feltétele natívan kezeli a domain-alapú átirányítást.
[2026-08-25] - Google Cégprofil: "Profilerősség: Jónak tűnik", 78 ügyfél-interakció, 9 olvasatlan vélemény (ügyfélnek érdemes elolvasni/válaszolni).
[2026-08-25] - Facebook oldal: kategória, cím, telefon, weboldal-link konzisztens a webhellyel (jó NAP-egyezés). NYITOTT: a nyitvatartás "Mindig nyitva"-ra van állítva a valós H-P 9:00–17:00 helyett – a böngészős automatizálás nem volt megbízható a Facebook oldalszerkesztőn, manuális javítás szükséges (Oldal kezelése → Névjegy → Részletek → Nyitvatartás → Módosítás).
[2026-08-25] - Cégjegyzék-ellenőrzés: a hivatalos székhely (Vörösmarty Mihály utca 4) eltér a Google Cégprofilban/weboldalon szereplő fizikai telephelytől (Ságod hrsz. 807/15) – ez nem hiba, hanem normál székhely/telephely különbség; a Cégprofilnak helyesen a fizikai telephelyet kell mutatnia.
